python : Impersonate 'chrome_100' does not exist, using 'random'
At line:1 char:1
+ python -c "
+ ~~~~~~~~~~~
    + CategoryInfo          : NotSpecified: (Impersonate 'ch... using 'random':String) [], RemoteException
    + FullyQualifiedErrorId : NativeCommandError
 
Starting profile_target...
[OllamaMCP] Searching username: 'testuser123'
[OllamaMCP] theharvester_domain_search('testuser123') -> 1 findings
[OllamaMCP] Model completed after 2 round(s).
[OllamaMCP] Done ù 1 total findings
[OSINT] Ollama-MCP layer returned 1 findings.
[OSINT] Starting search for username: testuser123
[DDGS] Rate limited on '"testuser123" site:gov.in OR site:nic.in OR site:a', retrying in 1s...
[DDGS] Rate limited on '"testuser123" site:gov.in OR site:nic.in OR site:a', retrying in 2s...
[DDGS] Rate limit exhausted for '"testuser123" site:gov.in OR site:nic.in OR site:ac.in'. Trying LangChain DDG...
[LangChain-DDG] 10 results for '"testuser123" site:gov.in OR site:nic.in OR site:ac.in'
[OSINT] Persona search: 90 hits across ['social', 'professional', 'dev', 'news_context', 'breaches', 'documents', 'academic', 'identity', 'government']
Scrape failed for https://www.u.tsukuba.ac.jp/en-ht_chmod/: <urlopen error [SSL: CERTIFICATE_VERIFY_FAILED] certificate verify failed: unable to get local issuer certificate (_ssl.c:1032)>
Scrape failed for https://www.u.tsukuba.ac.jp/en-ht_chmod/: <urlopen error [SSL: CERTIFICATE_VERIFY_FAILED] certificate verify failed: unable to get local issuer certificate (_ssl.c:1032)>
PDF extraction failed for https://rmlh.nic.in/WriteReadData/LINKS/document+(82)784f38c1-e1b8-491a-8035-f66684b69389.pdf: HTTP Error 404: Not Found
[OSINT] Scraped 20791 chars from https://stackoverflow.com/questions/43846950/column-count-of-mysql-user-is-wrong-expected-42-found-44-the-table-is-probabl
[OSINT] Scraped 9 chars from https://www.instagram.com/p/DV9M0sUiAj9/
[OSINT] Scraped 14589 chars from https://github.com/influxdata/influxdb-php
[OSINT] Scraped 3851 chars from https://andrewchon.com/
[OSINT] Scraped 6169 chars from https://community.jamf.com/general-discussions-2/illegal-group-name-error-when-using-chown-16280
[OSINT] Scraped 6771 chars from https://support.iterable.com/hc/en-us/articles/360045714152-Managing-User-Identity-with-Iterable-s-React-Native-SDK
[OSINT] Scraped 3866 chars from https://github.com/Roadbobek/GoreBox-Allahware.cc-hack-leak
[OSINT] Scraped 315 chars from https://pypi.org/project/HypixelPlayerApi/
[OSINT] Scraped 6169 chars from https://community.jamf.com/general-discussions-2/illegal-group-name-error-when-using-chown-16280
[OSINT] Scraped 2050 chars from https://station.railway.com/questions/whats-app-bot-with-js-357f5f96
[OSINT] Scraped 6771 chars from https://support.iterable.com/hc/en-us/articles/360045714152-Managing-User-Identity-with-Iterable-s-React-Native-SDK
[OSINT] Scraped 62 chars from https://help.salesforce.com/s/articleView?id=000385901&language=es&type=1
[OSINT] Scraped 810 chars from https://exams.nta.nic.in/aissee-contact-us/
2026-06-17 11:41:54,133 INFO sqlalchemy.engine.Engine BEGIN (implicit)
2026-06-17 11:41:54,195 INFO sqlalchemy.engine.Engine SELECT evidence_files.id, evidence_files.case_id, evidence_files.file_type, evidence_files.original_filename, evidence_files.storage_path, evidence_files.file_hash, evidence_files.extracted_text, evidence_files.ocr_confidence, evidence_files.entities_found, evidence_files.uploaded_by, evidence_files.uploaded_at 
FROM evidence_files 
WHERE lower(evidence_files.extracted_text) LIKE lower(?)
2026-06-17 11:41:54,196 INFO sqlalchemy.engine.Engine [generated in 0.00038s] ('%testuser123%',)
2026-06-17 11:41:54,210 INFO sqlalchemy.engine.Engine ROLLBACK
Traceback (most recent call last):
  File "<string>", line 14, in run_test
    print('mcp findings count:', len(res.get('metadata', {}).get('mcp_findings_count', []) if type(res.get('metadata', 
{}).get('mcp_findings_count', [])) == list else 0))
                                 ~~~^^^^^^^^^^^^^^^^^^^^^^^^^^^^^^^^^^^^^^^^^^^^^^^^^^^^^^^^^^^^^^^^^^^^^^^^^^^^^^^^^^^
^^^^^^^^^^^^^^^^^^^^^^^^^^^^^^^^^^^^^^^^^^^^^^^^^^
TypeError: object of type 'int' has no len()
[LLM] Using Ollama local model: qwen2.5:0.5b @ http://localhost:11434
[LLM] (If not installed: https://ollama.ai | Pull: ollama pull qwen2.5:0.5b)
[OSINT] LLM entity extraction complete. LLM found 1 items.
[OSINT] LLM comprehension complete.

--- RESULT ---
llm_profile: {
  "behavioral_profile": {
    "online_activity_level": "LOW",
    "digital_footprint_breadth": "EXTENSIVE",
    "preferred_platforms": [
      "theharvester_domain_search",
      "GitHub"
    ],
    "persona_consistency": "VARIED",
    "anonymization_indicators": [],
    "active_time_patterns": ""
  },
  "identity_confidence": {
    "score": 0.0,
    "reasoning": ""
  },
  "threat_indicators": [],
  "recommended_next_steps": [],
  "opsec_warnings": [],
  "intelligence_gaps": [],
  "narrative_summary": "The target profile is characterized by minimal online activity and extensive digital footprint, with a preference for social media platforms like theharvester_domain_search. The user's preferred platform is GitHub, indicating a high level of trust in this platform."
}
